// Jest Snapshot v1, https://goo.gl/fbAQLP

exports[`App Snapshot Test 1`] = `
<DocumentFragment>
  <div
    class="App"
  >
    <header
      class="App-header"
    >
      <h1>
        Unit-Testing
      </h1>
      <p>
        Snapshot Testing will be of App Component
      </p>
    </header>
  </div>
</DocumentFragment>
`;
